// Jest Snapshot v1, https://goo.gl/fbAQLP

exports[`Question renders without crashing 1`] = `
ShallowWrapper {
  Symbol(enzyme.__root__): [Circular],
  Symbol(enzyme.__unrendered__): <Question
    answer=""
    question=""
    type=""
  />,
  Symbol(enzyme.__renderer__): Object {
    "batchedUpdates": [Function],
    "getNode": [Function],
    "render": [Function],
    "simulateError": [Function],
    "simulateEvent": [Function],
    "unmount": [Function],
  },
  Symbol(enzyme.__node__): Object {
    "instance": null,
    "key": undefined,
    "nodeType": "host",
    "props": Object {
      "children": Array [
        <p
          className="question__text"
        >
          
        </p>,
        <button
          className="button is-info question__reveal-answer"
          onClick={[Function]}
        >
          Reveal Answer
        </button>,
        undefined,
        undefined,
      ],
      "className": "section question",
    },
    "ref": null,
    "rendered": Array [
      Object {
        "instance": null,
        "key": undefined,
        "nodeType": "host",
        "props": Object {
          "children": "",
          "className": "question__text",
        },
        "ref": null,
        "rendered": "",
        "type": "p",
      },
      Object {
        "instance": null,
        "key": undefined,
        "nodeType": "host",
        "props": Object {
          "children": "Reveal Answer",
          "className": "button is-info question__reveal-answer",
          "onClick": [Function],
        },
        "ref": null,
        "rendered": "Reveal Answer",
        "type": "button",
      },
      undefined,
      undefined,
    ],
    "type": "section",
  },
  Symbol(enzyme.__nodes__): Array [
    Object {
      "instance": null,
      "key": undefined,
      "nodeType": "host",
      "props": Object {
        "children": Array [
          <p
            className="question__text"
          >
            
          </p>,
          <button
            className="button is-info question__reveal-answer"
            onClick={[Function]}
          >
            Reveal Answer
          </button>,
          undefined,
          undefined,
        ],
        "className": "section question",
      },
      "ref": null,
      "rendered": Array [
        Object {
          "instance": null,
          "key": undefined,
          "nodeType": "host",
          "props": Object {
            "children": "",
            "className": "question__text",
          },
          "ref": null,
          "rendered": "",
          "type": "p",
        },
        Object {
          "instance": null,
          "key": undefined,
          "nodeType": "host",
          "props": Object {
            "children": "Reveal Answer",
            "className": "button is-info question__reveal-answer",
            "onClick": [Function],
          },
          "ref": null,
          "rendered": "Reveal Answer",
          "type": "button",
        },
        undefined,
        undefined,
      ],
      "type": "section",
    },
  ],
  Symbol(enzyme.__options__): Object {
    "adapter": ReactSixteenAdapter {
      "options": Object {
        "enableComponentDidUpdateOnSetState": true,
        "lifecycles": Object {
          "componentDidUpdate": Object {
            "onSetState": true,
          },
          "getDerivedStateFromProps": true,
          "getSnapshotBeforeUpdate": true,
          "setState": Object {
            "skipsComponentDidUpdateOnNullish": true,
          },
        },
      },
    },
  },
}
`;
