// Jest Snapshot v1, https://goo.gl/fbAQLP

exports[`Notification renders without crashing 1`] = `
ShallowWrapper {
  Symbol(enzyme.__root__): [Circular],
  Symbol(enzyme.__unrendered__): <Notification
    accept={Object {}}
    cancel={Object {}}
    message=""
  />,
  Symbol(enzyme.__renderer__): Object {
    "batchedUpdates": [Function],
    "getNode": [Function],
    "render": [Function],
    "simulateError": [Function],
    "simulateEvent": [Function],
    "unmount": [Function],
  },
  Symbol(enzyme.__node__): Object {
    "instance": null,
    "key": undefined,
    "nodeType": "host",
    "props": Object {
      "children": Array [
        <button
          className="delete notification__delete"
        />,
        <p
          className="notification__message"
        >
          
        </p>,
        <button
          className="notification__accept"
        />,
        <button
          className="notification__cancel"
        />,
      ],
      "className": "notification is-warning",
    },
    "ref": null,
    "rendered": Array [
      Object {
        "instance": null,
        "key": undefined,
        "nodeType": "host",
        "props": Object {
          "className": "delete notification__delete",
          "onClick": undefined,
        },
        "ref": null,
        "rendered": null,
        "type": "button",
      },
      Object {
        "instance": null,
        "key": undefined,
        "nodeType": "host",
        "props": Object {
          "children": "",
          "className": "notification__message",
        },
        "ref": null,
        "rendered": "",
        "type": "p",
      },
      Object {
        "instance": null,
        "key": undefined,
        "nodeType": "host",
        "props": Object {
          "children": undefined,
          "className": "notification__accept",
          "onClick": undefined,
        },
        "ref": null,
        "rendered": null,
        "type": "button",
      },
      Object {
        "instance": null,
        "key": undefined,
        "nodeType": "host",
        "props": Object {
          "children": undefined,
          "className": "notification__cancel",
          "onClick": undefined,
        },
        "ref": null,
        "rendered": null,
        "type": "button",
      },
    ],
    "type": "div",
  },
  Symbol(enzyme.__nodes__): Array [
    Object {
      "instance": null,
      "key": undefined,
      "nodeType": "host",
      "props": Object {
        "children": Array [
          <button
            className="delete notification__delete"
          />,
          <p
            className="notification__message"
          >
            
          </p>,
          <button
            className="notification__accept"
          />,
          <button
            className="notification__cancel"
          />,
        ],
        "className": "notification is-warning",
      },
      "ref": null,
      "rendered": Array [
        Object {
          "instance": null,
          "key": undefined,
          "nodeType": "host",
          "props": Object {
            "className": "delete notification__delete",
            "onClick": undefined,
          },
          "ref": null,
          "rendered": null,
          "type": "button",
        },
        Object {
          "instance": null,
          "key": undefined,
          "nodeType": "host",
          "props": Object {
            "children": "",
            "className": "notification__message",
          },
          "ref": null,
          "rendered": "",
          "type": "p",
        },
        Object {
          "instance": null,
          "key": undefined,
          "nodeType": "host",
          "props": Object {
            "children": undefined,
            "className": "notification__accept",
            "onClick": undefined,
          },
          "ref": null,
          "rendered": null,
          "type": "button",
        },
        Object {
          "instance": null,
          "key": undefined,
          "nodeType": "host",
          "props": Object {
            "children": undefined,
            "className": "notification__cancel",
            "onClick": undefined,
          },
          "ref": null,
          "rendered": null,
          "type": "button",
        },
      ],
      "type": "div",
    },
  ],
  Symbol(enzyme.__options__): Object {
    "adapter": ReactSixteenAdapter {
      "options": Object {
        "enableComponentDidUpdateOnSetState": true,
        "lifecycles": Object {
          "componentDidUpdate": Object {
            "onSetState": true,
          },
          "getDerivedStateFromProps": true,
          "getSnapshotBeforeUpdate": true,
          "setState": Object {
            "skipsComponentDidUpdateOnNullish": true,
          },
        },
      },
    },
  },
}
`;
